INFO:cart_service_v1:cart_service_v1 starting from C:\c\chatWorkspace\Project_A_PreChange\src\cart_service_v1.py, mtime=1764038173.633862
 * Serving Flask app 'cart_service_v1'
 * Debug mode: off
INFO:werkzeug:[31m[1mWARNING: This is a development server. Do not use it in a production deployment. Use a production WSGI server instead.[0m
 * Running on all addresses (0.0.0.0)
 * Running on http://127.0.0.1:5000
 * Running on http://172.16.61.51:5000
INFO:werkzeug:[33mPress CTRL+C to quit[0m
INFO:werkzeug:127.0.0.1 - - [25/Nov/2025 10:42:04] "GET / HTTP/1.1" 200 -
INFO:cart_service_v1:Received check request sku=ABC123 type=<class 'str'> quantity=1
INFO:cart_service_v1:Check request: sku=ABC123 (<class 'str'>) quantity=1
INFO:cart_service_v1:V1 call latency: 2.068s status:200
INFO:werkzeug:127.0.0.1 - - [25/Nov/2025 10:42:08] "POST /check HTTP/1.1" 200 -
INFO:cart_service_v1:Received check request sku=OUTOFSTOCKZ type=<class 'str'> quantity=1
INFO:cart_service_v1:Check request: sku=OUTOFSTOCKZ (<class 'str'>) quantity=1
INFO:cart_service_v1:V1 call latency: 2.052s status:200
INFO:werkzeug:127.0.0.1 - - [25/Nov/2025 10:42:14] "POST /check HTTP/1.1" 200 -
INFO:cart_service_v1:Received check request sku=12345 type=<class 'int'> quantity=1
INFO:cart_service_v1:Check request: sku=12345 (<class 'int'>) quantity=1
INFO:cart_service_v1:Invalid SKU type; returning 400
INFO:werkzeug:127.0.0.1 - - [25/Nov/2025 10:42:18] "[31m[1mPOST /check HTTP/1.1[0m" 400 -
INFO:cart_service_v1:Received check request sku=ABCERR type=<class 'str'> quantity=2
INFO:cart_service_v1:Check request: sku=ABCERR (<class 'str'>) quantity=2
INFO:cart_service_v1:V1 call latency: 2.066s status:500
INFO:werkzeug:127.0.0.1 - - [25/Nov/2025 10:42:27] "[35m[1mPOST /check HTTP/1.1[0m" 502 -
INFO:cart_service_v1:Received check request sku=SLOW1 type=<class 'str'> quantity=1
INFO:cart_service_v1:Check request: sku=SLOW1 (<class 'str'>) quantity=1
ERROR:cart_service_v1:v1 request failed
Traceback (most recent call last):
  File "C:\Users\v-kaelincai\AppData\Local\Programs\Python\Python314\Lib\site-packages\urllib3\connectionpool.py", line 534, in _make_request
    response = conn.getresponse()
  File "C:\Users\v-kaelincai\AppData\Local\Programs\Python\Python314\Lib\site-packages\urllib3\connection.py", line 565, in getresponse
    httplib_response = super().getresponse()
  File "C:\Users\v-kaelincai\AppData\Local\Programs\Python\Python314\Lib\http\client.py", line 1430, in getresponse
    response.begin()
    ~~~~~~~~~~~~~~^^
  File "C:\Users\v-kaelincai\AppData\Local\Programs\Python\Python314\Lib\http\client.py", line 331, in begin
    version, status, reason = self._read_status()
                              ~~~~~~~~~~~~~~~~~^^
  File "C:\Users\v-kaelincai\AppData\Local\Programs\Python\Python314\Lib\http\client.py", line 292, in _read_status
    line = str(self.fp.readline(_MAXLINE + 1), "iso-8859-1")
               ~~~~~~~~~~~~~~~~^^^^^^^^^^^^^^
  File "C:\Users\v-kaelincai\AppData\Local\Programs\Python\Python314\Lib\socket.py", line 725, in readinto
    return self._sock.recv_into(b)
           ~~~~~~~~~~~~~~~~~~~~^^^
TimeoutError: timed out

The above exception was the direct cause of the following exception:

Traceback (most recent call last):
  File "C:\Users\v-kaelincai\AppData\Local\Programs\Python\Python314\Lib\site-packages\requests\adapters.py", line 486, in send
    resp = conn.urlopen(
        method=request.method,
    ...<9 lines>...
        chunked=chunked,
    )
  File "C:\Users\v-kaelincai\AppData\Local\Programs\Python\Python314\Lib\site-packages\urllib3\connectionpool.py", line 841, in urlopen
    retries = retries.increment(
        method, url, error=new_e, _pool=self, _stacktrace=sys.exc_info()[2]
    )
  File "C:\Users\v-kaelincai\AppData\Local\Programs\Python\Python314\Lib\site-packages\urllib3\util\retry.py", line 474, in increment
    raise reraise(type(error), error, _stacktrace)
          ~~~~~~~^^^^^^^^^^^^^^^^^^^^^^^^^^^^^^^^^
  File "C:\Users\v-kaelincai\AppData\Local\Programs\Python\Python314\Lib\site-packages\urllib3\util\util.py", line 39, in reraise
    raise value
  File "C:\Users\v-kaelincai\AppData\Local\Programs\Python\Python314\Lib\site-packages\urllib3\connectionpool.py", line 787, in urlopen
    response = self._make_request(
        conn,
    ...<10 lines>...
        **response_kw,
    )
  File "C:\Users\v-kaelincai\AppData\Local\Programs\Python\Python314\Lib\site-packages\urllib3\connectionpool.py", line 536, in _make_request
    self._raise_timeout(err=e, url=url, timeout_value=read_timeout)
    ~~~~~~~~~~~~~~~~~~~^^^^^^^^^^^^^^^^^^^^^^^^^^^^^^^^^^^^^^^^^^^^
  File "C:\Users\v-kaelincai\AppData\Local\Programs\Python\Python314\Lib\site-packages\urllib3\connectionpool.py", line 367, in _raise_timeout
    raise ReadTimeoutError(
        self, url, f"Read timed out. (read timeout={timeout_value})"
    ) from err
urllib3.exceptions.ReadTimeoutError: HTTPConnectionPool(host='localhost', port=5001): Read timed out. (read timeout=5)

During handling of the above exception, another exception occurred:

Traceback (most recent call last):
  File "C:\c\chatWorkspace\Project_A_PreChange\src\cart_service_v1.py", line 31, in check_stock
    resp = requests.post(f"{V1_BASE}/api/v1/checkStock", json={'sku':sku, 'quantity': quantity}, timeout=5)
  File "C:\Users\v-kaelincai\AppData\Local\Programs\Python\Python314\Lib\site-packages\requests\api.py", line 115, in post
    return request("post", url, data=data, json=json, **kwargs)
  File "C:\Users\v-kaelincai\AppData\Local\Programs\Python\Python314\Lib\site-packages\requests\api.py", line 59, in request
    return session.request(method=method, url=url, **kwargs)
           ~~~~~~~~~~~~~~~^^^^^^^^^^^^^^^^^^^^^^^^^^^^^^^^^^
  File "C:\Users\v-kaelincai\AppData\Local\Programs\Python\Python314\Lib\site-packages\requests\sessions.py", line 589, in request
    resp = self.send(prep, **send_kwargs)
  File "C:\Users\v-kaelincai\AppData\Local\Programs\Python\Python314\Lib\site-packages\requests\sessions.py", line 703, in send
    r = adapter.send(request, **kwargs)
  File "C:\Users\v-kaelincai\AppData\Local\Programs\Python\Python314\Lib\site-packages\requests\adapters.py", line 532, in send
    raise ReadTimeout(e, request=request)
requests.exceptions.ReadTimeout: HTTPConnectionPool(host='localhost', port=5001): Read timed out. (read timeout=5)
INFO:werkzeug:127.0.0.1 - - [25/Nov/2025 10:42:40] "[35m[1mPOST /check HTTP/1.1[0m" 504 -
